"blank"				"=========================="
"blank"				"Movement Commands"
"blank"				"=========================="
"+forward"				"Move forward"
"+back"					"Move back"
"+left"					"Turn left"
"+right"				"Turn right"
"+moveleft"				"Move left (strafe)"
"+moveright"			"Move right (strafe)"
"+jump"					"Jump"
"+duck"					"Duck"
"+moveup"				"Swim up"
"+movedown"				"Swim down"
"+lookup"				"Look up"
"+lookdown"				"Look down"
"centerview"			"Look straight ahead"
"+strafe"				"Strafe modifier"
"+mlook"				"Mouse look modifier"
"+klook"				"Keyboard look modifier"
"+speed"				"Walk"
"blank"				"=========================="
"blank"				"Combat Commands"
"blank"				"=========================="
"slot1"					"Fists"
"slot2"					"Laser Pistol"
"slot3" 					"Shotgun"
"slot4"					"Mechagun"
"slot5"					"Polaris Blade"
"slot6"					"M.U.L.E"
"slot7"					"Grenade"
"slot8"					"Chemical Gun"
"slot9"					"AI core"
"invnext"				"Next weapon - Config Up"
"invprev"				"Prev weapon - Config Down"
"lastinv"				"Last used weapon"
"+attack"				"Primary attack"
"+custom"				"Customize weapon"
"+use"					"Use item (buttons, scientists, ...)"
"impulse 100"			"Flashlight"
"blank"				"=========================="
"blank"				"Miscellaneous"
"blank"				"=========================="
"snapshot"				"Take screen shot"
"+showscores"			"Display multiplayer scores"
"pause"					"Pause game"
"quit"					"Quit game"
"impulse 201"			"Spray logo"
"messagemode"			"Chat message"
"messagemode2"			"Team message"	
"save quick"			"Quick save"
"load quick"			"Quick load"
